// Jest Snapshot v1, https://goo.gl/fbAQLP

exports['createMarkupFooterv2 should render the footer\'s second version 1'] = `
"
    <p class=\\"footer-copyright\\">PETSHOP DH -  2022</p>
    "
`;
